// Jest Snapshot v1, https://goo.gl/fbAQLP

exports[`renders 1`] = `
Array [
  <div
    className="div-dashboard"
  >
    <div
      className="dashboard-layout-row row"
    >
      <div
        className="nav-dashboard"
      >
        <div
          className="nav-dashboard col"
        >
          <div
            className="flex-column nav"
            onKeyDown={[Function]}
          >
            <a
              className="button-dashboard-dashboard nav-link"
              data-rb-event-key={null}
              href="#"
              onClick={[Function]}
              onKeyDown={[Function]}
              role="button"
            >
              Dashboard
            </a>
            <a
              className="button-dashboard-recent-activity nav-link"
              data-rb-event-key={null}
              href="#"
              onClick={[Function]}
              onKeyDown={[Function]}
              role="button"
            >
              Recent Activity
            </a>
            <a
              className="button-dashboard-groups nav-link"
              data-rb-event-key={null}
              href="#"
              onClick={[Function]}
              onKeyDown={[Function]}
              role="button"
              variant="secondary"
            >
              Groups +
            </a>
            <div
              className="groups-list"
            >
              <input
                className="input-search"
                onChange={[Function]}
                placeholder=". . . search"
                type="text"
              />
            </div>
            <a
              aria-disabled={true}
              className="nav-link disabled"
              data-rb-event-key="disabled"
              href="#"
              onClick={[Function]}
              onKeyDown={[Function]}
              role="button"
              tabIndex={-1}
            >
              Friends
            </a>
          </div>
        </div>
      </div>
      <div
        className="tiles col-8"
      >
        <div
          className="tiles card bg-light"
        >
          <div
            className="card-header"
          >
            <div
              className="row"
            >
              <div
                className="col-10"
                data-testid="Dashboard"
              >
                Dashboard
              </div>
              <div
                className="col"
              >
                <div
                  className="dropdown btn-group"
                  role="group"
                >
                  <button
                    aria-expanded={false}
                    aria-haspopup={true}
                    className="dropdown-toggle btn btn-primary"
                    disabled={false}
                    id="bg-nested-dropdown"
                    onClick={[Function]}
                    type="button"
                  >
                    Settle up
                  </button>
                </div>
              </div>
            </div>
          </div>
        </div>
        <div
          className="row"
        >
          <div
            className="total-balance col"
          >
            <div
              className="card bg-light"
            >
              <div
                className="card-header"
              >
                total Balance 
                0
              </div>
            </div>
          </div>
          <div
            className="you-owe col"
          >
            <div
              className="card bg-light"
            >
              <div
                className="card-header"
              >
                You owe 
                0
              </div>
            </div>
          </div>
          <div
            className="you-are-owed col"
          >
            <div
              className="card bg-light"
            >
              <div
                className="card-header"
              >
                You are owed 
                0
              </div>
            </div>
          </div>
        </div>
        <div
          className="owe-owed row"
        >
          <div
            className="owe-column col"
          >
            <div
              className="you-owe-title"
            >
              You Owe
            </div>
            <div
              className="list-group"
              onKeyDown={[Function]}
            />
          </div>
          <div
            className="owed-column col"
          >
            <div
              className="you-owe-title"
            >
              You Owed 
            </div>
            <div
              className="list-group"
              onKeyDown={[Function]}
            />
          </div>
        </div>
      </div>
      <div
        className="nav-dashboard col"
      />
    </div>
  </div>,
  " ",
]
`;
